<testsuite name="Mocha Tests" tests="4" failures="0" errors="0" skipped="0" timestamp="Mon, 18 Dec 2017 07:53:14 GMT" time="0.041">
<testcase classname="healthcheck service &#x22;checkHealth&#x22;" name="should be a function" time="0.003"/>
<testcase classname="healthcheck service &#x22;checkHealth&#x22;" name="should return a Promise" time="0.004"/>
<testcase classname="healthcheck service &#x22;checkHealth&#x22;" name="should have no error" time="0.006"/>
<testcase classname="healthcheck service &#x22;checkHealth&#x22;" name="should have value of &#x22;1&#x22; to redis.status" time="0.001"/>
</testsuite>
